../Core/Src/main.c:65:5:_write	32	static
../Core/Src/main.c:74:6:stuurDataIrSolo	24	static
../Core/Src/main.c:97:6:stuurDataIrDuo	32	static
../Core/Src/main.c:146:6:stuurDataIrAll	32	static
../Core/Src/main.c:260:5:main	8	static
../Core/Src/main.c:312:6:SystemClock_Config	128	static
../Core/Src/main.c:359:13:MX_TIM2_Init	48	static
../Core/Src/main.c:426:13:MX_USART1_UART_Init	8	static
../Core/Src/main.c:461:13:MX_GPIO_Init	48	static
../Core/Src/main.c:494:6:Error_Handler	8	static,ignoring_inline_asm
