../Core/Src/main.c:87:5:_write	32	static
../Core/Src/main.c:96:6:HAL_TIM_PeriodElapsedCallback	16	static
../Core/Src/main.c:112:6:HAL_GPIO_EXTI_Callback	16	static
../Core/Src/main.c:116:6:readAdc	32	static
../Core/Src/main.c:140:9:driveDock	24	static
../Core/Src/main.c:207:6:driveNormal	16	static
../Core/Src/main.c:287:5:main	48	static
../Core/Src/main.c:364:6:SystemClock_Config	128	static
../Core/Src/main.c:411:13:MX_ADC_Init	16	static
../Core/Src/main.c:483:13:MX_TIM2_Init	48	static
../Core/Src/main.c:546:13:MX_TIM6_Init	16	static
../Core/Src/main.c:584:13:MX_USART1_UART_Init	8	static
../Core/Src/main.c:619:13:MX_GPIO_Init	48	static
../Core/Src/main.c:708:6:Error_Handler	8	static,ignoring_inline_asm
